../Middlewares/ST/STM32_USB_Device_Library/Class/HID/Src/usbd_hid.c:613:16:USBD_HID_DataIn	0	static
../Middlewares/ST/STM32_USB_Device_Library/Class/HID/Src/usbd_hid.c:630:17:USBD_HID_GetDeviceQualifierDesc	0	static
../Middlewares/ST/STM32_USB_Device_Library/Class/HID/Src/usbd_hid.c:552:17:USBD_HID_GetFSCfgDesc	8	static
../Middlewares/ST/STM32_USB_Device_Library/Class/HID/Src/usbd_hid.c:572:17:USBD_HID_GetHSCfgDesc	8	static
../Middlewares/ST/STM32_USB_Device_Library/Class/HID/Src/usbd_hid.c:357:16:USBD_HID_Setup	16	static
../Middlewares/ST/STM32_USB_Device_Library/Class/HID/Src/usbd_hid.c:326:16:USBD_HID_DeInit	16	static
../Middlewares/ST/STM32_USB_Device_Library/Class/HID/Src/usbd_hid.c:279:16:USBD_HID_Init	16	static
../Middlewares/ST/STM32_USB_Device_Library/Class/HID/Src/usbd_hid.c:592:17:USBD_HID_GetOtherSpeedCfgDesc	8	static
../Middlewares/ST/STM32_USB_Device_Library/Class/HID/Src/usbd_hid.c:489:9:USBD_HID_SendReport	8	static
../Middlewares/ST/STM32_USB_Device_Library/Class/HID/Src/usbd_hid.c:522:10:USBD_HID_GetPollingInterval	0	static
