../Middlewares/ST/STM32_USB_Host_Library/Core/Src/usbh_ctlreq.c:815:27:USBH_HandleControl	24	static
../Middlewares/ST/STM32_USB_Host_Library/Core/Src/usbh_ctlreq.c:96:20:USBH_Get_DevDesc	16	static
../Middlewares/ST/STM32_USB_Host_Library/Core/Src/usbh_ctlreq.c:129:20:USBH_Get_CfgDesc	56	static
../Middlewares/ST/STM32_USB_Host_Library/Core/Src/usbh_ctlreq.c:199:20:USBH_GetDescriptor	8	static
../Middlewares/ST/STM32_USB_Host_Library/Core/Src/usbh_ctlreq.c:230:20:USBH_SetAddress	8	static
../Middlewares/ST/STM32_USB_Host_Library/Core/Src/usbh_ctlreq.c:256:20:USBH_SetCfg	8	static
../Middlewares/ST/STM32_USB_Host_Library/Core/Src/usbh_ctlreq.c:280:20:USBH_SetInterface	8	static
../Middlewares/ST/STM32_USB_Host_Library/Core/Src/usbh_ctlreq.c:304:20:USBH_SetFeature	8	static
../Middlewares/ST/STM32_USB_Host_Library/Core/Src/usbh_ctlreq.c:329:20:USBH_ClrFeature	8	static
../Middlewares/ST/STM32_USB_Host_Library/Core/Src/usbh_ctlreq.c:727:20:USBH_GetNextDesc	0	static
../Middlewares/ST/STM32_USB_Host_Library/Core/Src/usbh_ctlreq.c:749:20:USBH_CtlReq	8	static
../Middlewares/ST/STM32_USB_Host_Library/Core/Src/usbh_ctlreq.c:163:20:USBH_Get_StringDesc	16	static
