../Middlewares/ST/STM32_USB_Host_Library/Core/Src/usbh_core.c:1139:13:USBH_HandleSof	8	static
../Middlewares/ST/STM32_USB_Host_Library/Core/Src/usbh_core.c:220:27:DeInitStateMachine	16	static
../Middlewares/ST/STM32_USB_Host_Library/Core/Src/usbh_core.c:800:27:USBH_HandleEnum	32	static
../Middlewares/ST/STM32_USB_Host_Library/Core/Src/usbh_core.c:95:20:USBH_Init	16	static
../Middlewares/ST/STM32_USB_Host_Library/Core/Src/usbh_core.c:177:20:USBH_DeInit	8	static
../Middlewares/ST/STM32_USB_Host_Library/Core/Src/usbh_core.c:266:20:USBH_RegisterClass	8	static
../Middlewares/ST/STM32_USB_Host_Library/Core/Src/usbh_core.c:301:20:USBH_SelectInterface	16	static
../Middlewares/ST/STM32_USB_Host_Library/Core/Src/usbh_core.c:330:9:USBH_GetActiveClass	0	static
../Middlewares/ST/STM32_USB_Host_Library/Core/Src/usbh_core.c:346:9:USBH_FindInterface	8	static
../Middlewares/ST/STM32_USB_Host_Library/Core/Src/usbh_core.c:379:9:USBH_FindInterfaceIndex	0	static
../Middlewares/ST/STM32_USB_Host_Library/Core/Src/usbh_core.c:407:20:USBH_Start	8	static
../Middlewares/ST/STM32_USB_Host_Library/Core/Src/usbh_core.c:425:20:USBH_Stop	8	static
../Middlewares/ST/STM32_USB_Host_Library/Core/Src/usbh_core.c:473:20:USBH_Process	40	static
../Middlewares/ST/STM32_USB_Host_Library/Core/Src/usbh_core.c:1114:6:USBH_LL_SetTimer	0	static
../Middlewares/ST/STM32_USB_Host_Library/Core/Src/usbh_core.c:1126:6:USBH_LL_IncTimer	8	static
../Middlewares/ST/STM32_USB_Host_Library/Core/Src/usbh_core.c:1154:6:USBH_LL_PortEnabled	0	static
../Middlewares/ST/STM32_USB_Host_Library/Core/Src/usbh_core.c:1172:6:USBH_LL_PortDisabled	0	static
../Middlewares/ST/STM32_USB_Host_Library/Core/Src/usbh_core.c:1187:9:USBH_IsPortEnabled	0	static
../Middlewares/ST/STM32_USB_Host_Library/Core/Src/usbh_core.c:447:20:USBH_ReEnumerate	16	static
../Middlewares/ST/STM32_USB_Host_Library/Core/Src/usbh_core.c:1199:20:USBH_LL_Connect	0	static
../Middlewares/ST/STM32_USB_Host_Library/Core/Src/usbh_core.c:1219:20:USBH_LL_Disconnect	16	static
