../Drivers/STM32H7xx_HAL_Driver/Src/stm32h7xx_ll_rcc.c:125:6:LL_RCC_DeInit	4	static
../Drivers/STM32H7xx_HAL_Driver/Src/stm32h7xx_ll_rcc.c:291:6:LL_RCC_GetPLL1ClockFreq	4	static
../Drivers/STM32H7xx_HAL_Driver/Src/stm32h7xx_ll_rcc.c:1689:17:RCC_GetSystemClockFreq	24	static
../Drivers/STM32H7xx_HAL_Driver/Src/stm32h7xx_ll_rcc.c:265:6:LL_RCC_GetSystemClocksFreq	16	static
../Drivers/STM32H7xx_HAL_Driver/Src/stm32h7xx_ll_rcc.c:365:6:LL_RCC_GetPLL2ClockFreq	4	static
../Drivers/STM32H7xx_HAL_Driver/Src/stm32h7xx_ll_rcc.c:439:6:LL_RCC_GetPLL3ClockFreq	4	static
../Drivers/STM32H7xx_HAL_Driver/Src/stm32h7xx_ll_rcc.c:520:10:LL_RCC_CalcPLLClockFreq	0	static
../Drivers/STM32H7xx_HAL_Driver/Src/stm32h7xx_ll_rcc.c:539:10:LL_RCC_GetUSARTClockFreq	24	static
../Drivers/STM32H7xx_HAL_Driver/Src/stm32h7xx_ll_rcc.c:614:10:LL_RCC_GetLPUARTClockFreq	24	static
../Drivers/STM32H7xx_HAL_Driver/Src/stm32h7xx_ll_rcc.c:678:10:LL_RCC_GetI2CClockFreq	24	static
../Drivers/STM32H7xx_HAL_Driver/Src/stm32h7xx_ll_rcc.c:977:10:LL_RCC_GetSDMMCClockFreq	24	static
../Drivers/STM32H7xx_HAL_Driver/Src/stm32h7xx_ll_rcc.c:1015:10:LL_RCC_GetRNGClockFreq	24	static
../Drivers/STM32H7xx_HAL_Driver/Src/stm32h7xx_ll_rcc.c:1066:10:LL_RCC_GetCECClockFreq	0	static
../Drivers/STM32H7xx_HAL_Driver/Src/stm32h7xx_ll_rcc.c:1108:10:LL_RCC_GetUSBClockFreq	24	static
../Drivers/STM32H7xx_HAL_Driver/Src/stm32h7xx_ll_rcc.c:1154:10:LL_RCC_GetDFSDMClockFreq	8	static
../Drivers/STM32H7xx_HAL_Driver/Src/stm32h7xx_ll_rcc.c:1253:10:LL_RCC_GetSPDIFClockFreq	24	static
../Drivers/STM32H7xx_HAL_Driver/Src/stm32h7xx_ll_rcc.c:1418:10:LL_RCC_GetSWPClockFreq	8	static
../Drivers/STM32H7xx_HAL_Driver/Src/stm32h7xx_ll_rcc.c:1450:10:LL_RCC_GetFDCANClockFreq	24	static
../Drivers/STM32H7xx_HAL_Driver/Src/stm32h7xx_ll_rcc.c:1638:10:LL_RCC_GetCLKPClockFreq	0	static
../Drivers/STM32H7xx_HAL_Driver/Src/stm32h7xx_ll_rcc.c:738:10:LL_RCC_GetLPTIMClockFreq	24	static
../Drivers/STM32H7xx_HAL_Driver/Src/stm32h7xx_ll_rcc.c:823:10:LL_RCC_GetSAIClockFreq	24	static
../Drivers/STM32H7xx_HAL_Driver/Src/stm32h7xx_ll_rcc.c:935:10:LL_RCC_GetADCClockFreq	24	static
../Drivers/STM32H7xx_HAL_Driver/Src/stm32h7xx_ll_rcc.c:1308:10:LL_RCC_GetSPIClockFreq	24	static
../Drivers/STM32H7xx_HAL_Driver/Src/stm32h7xx_ll_rcc.c:1495:10:LL_RCC_GetFMCClockFreq	24	static
../Drivers/STM32H7xx_HAL_Driver/Src/stm32h7xx_ll_rcc.c:1542:10:LL_RCC_GetQSPIClockFreq	24	static
