../Middlewares/ST/STM32_USB_Host_Library/Class/HID/Src/usbh_hid.c:516:27:USBH_HID_SOFProcess	0	static
../Middlewares/ST/STM32_USB_Host_Library/Class/HID/Src/usbh_hid.c:248:27:USBH_HID_InterfaceDeInit	16	static
../Middlewares/ST/STM32_USB_Host_Library/Class/HID/Src/usbh_hid.c:137:27:USBH_HID_InterfaceInit	48	static
../Middlewares/ST/STM32_USB_Host_Library/Class/HID/Src/usbh_hid.c:282:27:USBH_HID_ClassRequest	32	static
../Middlewares/ST/STM32_USB_Host_Library/Class/HID/Src/usbh_hid.c:547:20:USBH_HID_GetHIDReportDescriptor	16	static
../Middlewares/ST/STM32_USB_Host_Library/Class/HID/Src/usbh_hid.c:583:20:USBH_HID_GetHIDDescriptor	16	static
../Middlewares/ST/STM32_USB_Host_Library/Class/HID/Src/usbh_hid.c:611:20:USBH_HID_SetIdle	0	static
../Middlewares/ST/STM32_USB_Host_Library/Class/HID/Src/usbh_hid.c:640:20:USBH_HID_SetReport	4	static
../Middlewares/ST/STM32_USB_Host_Library/Class/HID/Src/usbh_hid.c:671:20:USBH_HID_GetReport	4	static
../Middlewares/ST/STM32_USB_Host_Library/Class/HID/Src/usbh_hid.c:698:20:USBH_HID_SetProtocol	4	static
../Middlewares/ST/STM32_USB_Host_Library/Class/HID/Src/usbh_hid.c:765:17:USBH_HID_GetDeviceType	0	static
../Middlewares/ST/STM32_USB_Host_Library/Class/HID/Src/usbh_hid.c:795:9:USBH_HID_GetPollInterval	0	static
../Middlewares/ST/STM32_USB_Host_Library/Class/HID/Src/usbh_hid.c:820:6:USBH_HID_FifoInit	0	static
../Middlewares/ST/STM32_USB_Host_Library/Class/HID/Src/usbh_hid.c:837:10:USBH_HID_FifoRead	8	static
../Middlewares/ST/STM32_USB_Host_Library/Class/HID/Src/usbh_hid.c:881:10:USBH_HID_FifoWrite	20	static
../Middlewares/ST/STM32_USB_Host_Library/Class/HID/Src/usbh_hid.c:923:13:USBH_HID_EventCallback	0	static
../Middlewares/ST/STM32_USB_Host_Library/Class/HID/Src/usbh_hid.c:375:27:USBH_HID_Process	16	static
