../Core/Src/scd.c:781:17:SCO_get	16	static
../Core/Src/scd.c:886:17:SCO_VAR	16	static
../Core/Src/scd.c:1001:17:SCO_DEBUG	0	static
../Core/Src/scd.c:1018:17:SCO_DUMP	36	static
../Core/Src/scd.c:1162:17:SCO_PRINT	0	static
../Core/Src/scd.c:323:17:_cz_strtoxl.constprop	16	static
../Core/Src/scd.c:629:13:SCD_CMD_CALL	16	static
../Core/Src/scd.c:611:13:SCD_CMD_DUMP	8	static
../Core/Src/scd.c:597:13:SCD_CMD_CHG	8	static
../Core/Src/scd.c:580:13:SCD_CMD_CONF	16	static
../Core/Src/scd.c:546:13:SCD_CMD_SET	32	static
../Core/Src/scd.c:724:6:SCD_Rev1Byte	48	static
../Core/Src/scd.c:1208:10:scd_send1Byte	16	static
../Core/Src/scd.c:1232:10:scd_print	0	static
