../Core/Src/scd.c:323:17:_cz_strtoxl	20	static
../Core/Src/scd.c:463:16:cz_atol	8	static
../Core/Src/scd.c:471:14:_atof_pow10	0	static
../Core/Src/scd.c:489:14:atof_tyj	32	static
../Core/Src/scd.c:546:13:SCD_CMD_SET	24	static
../Core/Src/scd.c:580:13:SCD_CMD_CONF	16	static
../Core/Src/scd.c:597:13:SCD_CMD_CHG	8	static
../Core/Src/scd.c:611:13:SCD_CMD_DUMP	8	static
../Core/Src/scd.c:629:13:SCD_CMD_CALL	16	static
../Core/Src/scd.c:650:13:SCD_cmd_handle	24	static
../Core/Src/scd.c:781:17:SCO_get	16	static
../Core/Src/scd.c:886:17:SCO_VAR	8	static
../Core/Src/scd.c:1001:17:SCO_DEBUG	0	static
../Core/Src/scd.c:1018:17:SCO_DUMP	8	static
../Core/Src/scd.c:1162:17:SCO_PRINT	0	static
../Core/Src/scd.c:724:6:SCD_Rev1Byte	16	static
../Core/Src/scd.c:1208:10:scd_send1Byte	8	static
../Core/Src/scd.c:1232:10:scd_print	4	static
../Core/Src/scd.c:1256:10:scd_print2	4	static
