../Core/Src/stm32h7xx_it.c:75:6:NMI_Handler	0	static
../Core/Src/stm32h7xx_it.c:90:6:HardFault_Handler	0	static
../Core/Src/stm32h7xx_it.c:105:6:MemManage_Handler	0	static
../Core/Src/stm32h7xx_it.c:120:6:BusFault_Handler	0	static
../Core/Src/stm32h7xx_it.c:135:6:UsageFault_Handler	0	static
../Core/Src/stm32h7xx_it.c:150:6:SVC_Handler	0	static
../Core/Src/stm32h7xx_it.c:163:6:DebugMon_Handler	0	static
../Core/Src/stm32h7xx_it.c:176:6:PendSV_Handler	0	static
../Core/Src/stm32h7xx_it.c:189:6:SysTick_Handler	8	static
../Core/Src/stm32h7xx_it.c:210:6:DMA1_Stream0_IRQHandler	8	static
../Core/Src/stm32h7xx_it.c:252:6:DMA1_Stream1_IRQHandler	8	static
../Core/Src/stm32h7xx_it.c:294:6:ETH_IRQHandler	8	static
../Core/Src/stm32h7xx_it.c:308:6:OTG_HS_IRQHandler	8	static
../Core/Src/stm32h7xx_it.c:322:6:OTG_FS_IRQHandler	8	static
