../USB_HOST/Target/usbh_conf.c:62:6:HAL_HCD_MspInit	240	static
../USB_HOST/Target/usbh_conf.c:109:6:HAL_HCD_MspDeInit	8	static
../USB_HOST/Target/usbh_conf.c:139:6:HAL_HCD_SOF_Callback	8	static
../USB_HOST/Target/usbh_conf.c:149:6:HAL_HCD_Connect_Callback	8	static
../USB_HOST/Target/usbh_conf.c:159:6:HAL_HCD_Disconnect_Callback	8	static
../USB_HOST/Target/usbh_conf.c:171:6:HAL_HCD_HC_NotifyURBChange_Callback	0	static
../USB_HOST/Target/usbh_conf.c:183:6:HAL_HCD_PortEnabled_Callback	8	static
../USB_HOST/Target/usbh_conf.c:193:6:HAL_HCD_PortDisabled_Callback	8	static
../USB_HOST/Target/usbh_conf.c:207:20:USBH_LL_Init	8	static
../USB_HOST/Target/usbh_conf.c:289:19:USBH_LL_GetSpeed	8	static
../USB_HOST/Target/usbh_conf.c:337:10:USBH_LL_GetLastXferSize	8	static
../USB_HOST/Target/usbh_conf.c:441:22:USBH_LL_GetURBState	8	static
../USB_HOST/Target/usbh_conf.c:455:20:USBH_LL_DriverVBUS	8	static
../USB_HOST/Target/usbh_conf.c:476:20:USBH_LL_SetToggle	0	static
../USB_HOST/Target/usbh_conf.c:499:9:USBH_LL_GetToggle	0	static
../USB_HOST/Target/usbh_conf.c:521:6:USBH_Delay	8	static
../USB_HOST/Target/usbh_conf.c:531:20:USBH_Get_USB_Status	0	static
../USB_HOST/Target/usbh_conf.c:238:20:USBH_LL_DeInit	8	static
../USB_HOST/Target/usbh_conf.c:255:20:USBH_LL_Start	8	static
../USB_HOST/Target/usbh_conf.c:272:20:USBH_LL_Stop	8	static
../USB_HOST/Target/usbh_conf.c:319:20:USBH_LL_ResetPort	8	static
../USB_HOST/Target/usbh_conf.c:353:20:USBH_LL_OpenPipe	24	static
../USB_HOST/Target/usbh_conf.c:373:20:USBH_LL_ClosePipe	8	static
../USB_HOST/Target/usbh_conf.c:412:20:USBH_LL_SubmitURB	24	static
